// Jest Snapshot v1, https://goo.gl/fbAQLP

exports[`Menu Option Update Tests should open the modal on click & close the modal on clicking the close button 1`] = `ShallowWrapper {}`;

exports[`Menu Option Update Tests should open the modal on click & close the modal on clicking the close button 2`] = `ShallowWrapper {}`;

exports[`Menu Option Update Tests should render hello world 1`] = `
<div>
  <div
    id="menu-delete"
    onClick={[Function]}
  >
    <div>
      Delete a Trade
    </div>
    <div />
    <div>
      Ã—
    </div>
  </div>
</div>
`;
