// Jest Snapshot v1, https://goo.gl/fbAQLP

exports[`App Tests Component Did Mount should make an api call to retrieve all trades 1`] = `ReactWrapper {}`;

exports[`App Tests Component Did Mount should set history to false if the result is empty 1`] = `ReactWrapper {}`;

exports[`App Tests Handle Delete Method should delete the desired trade 1`] = `ReactWrapper {}`;

exports[`App Tests Handle Error Method should set state to errored 1`] = `ShallowWrapper {}`;

exports[`App Tests should render header and menu 1`] = `
<div>
  <div>
    <div>
      <div>
        THORIDAL
      </div>
      <img
        alt="Main Logo"
        src={[Function]}
      />
    </div>
  </div>
  <div>
    <div>
      <div
        id="menu-add"
        onClick={[Function]}
      >
        <div>
          Write a Trade
        </div>
        <div />
        <div />
        <div />
      </div>
    </div>
    <div>
      <div
        id="menu-search"
        onClick={[Function]}
      >
        <div>
          Find a Trade
        </div>
        <div />
        <div />
      </div>
    </div>
    <div>
      <div
        id="menu-delete"
        onClick={[Function]}
      >
        <div>
          Delete a Trade
        </div>
        <div />
        <div>
          Ã—
        </div>
      </div>
    </div>
    <div>
      <div
        id="menu-update"
        onClick={[Function]}
      >
        <div>
          Update a Trade
        </div>
        <div>
          <div />
          <div />
        </div>
        <div>
          <div />
          <div />
        </div>
        <div>
          <div />
          <div />
        </div>
      </div>
    </div>
  </div>
  <br />
  <div>
    <div>
      Weekly Statistics
    </div>
    <div>
      <label>
        NET GAIN: 
        <div>
          +
          0
        </div>
      </label>
      <div />
      <label>
        TOTAL TRADES:
         
        <div>
          0
        </div>
      </label>
      <div />
      <div />
      <div />
      <label>
        Total Completed Trades:
         
        <div>
          0
        </div>
      </label>
      <div />
      <label>
        Total Pending Trades:
         
        <div>
          0
        </div>
      </label>
    </div>
    <div>
      <label>
        AVG GAIN PER DAY:
         
        <div>
          $ 
          0
        </div>
      </label>
      <div />
      <label>
        AVG TRADE PER DAY:
         
        <div>
          0
        </div>
      </label>
    </div>
  </div>
  <br />
  <div>
    Recent Trade(s)
  </div>
  <br />
  <div>
    <br />
    <div>
      <div
        style={
          Object {
            "marginTop": "-4em",
          }
        }
      />
    </div>
  </div>
</div>
`;
