// Jest Snapshot v1, https://goo.gl/fbAQLP

exports[`App Tests should render header 1`] = `
<div>
  <div>
    <div>
      THORIDAL
    </div>
    <img
      alt="Main Logo"
      src={[Function]}
    />
  </div>
</div>
`;
